Time resolution is 1 ps

============================================
  DP TX + RISC-V AUX - Comprehensive TB
============================================

--- Phase 1: Reset & Initialization ---
  [PASS] Test 1 DPCD[0x00] == 0x01 after reset
  [PASS] Test 1 DPCD[0x00] readback == 0x01
  [PASS] Test 2 DPCD[0x01] == 0x02 after reset
  [PASS] Test 3 DPCD[0x02] == 0x03 after reset
  [PASS] Test 4 DPCD[0x03] == 0x04 after reset
  [PASS] Test 5 4] == 0x00 after reset (default)

--- Phase 2: DPCD Write/Read-back ---
  [PASS] Test 6 Write DPCD[0x05]=0xAA ACK
  [PASS] Test 7 Read DPCD[0x05] == 0xAA
  [PASS] Test 8 Write DPCD[0x10]=0x55 ACK
  [PASS] Test 9 Read DPCD[0x10] == 0x55
  [PASS] Test 10 Write DPCD[0xFF]=0xBB ACK
  [PASS] Test 11 Read DPCD[0xFF] == 0xBB
  [PASS] Test 12 Overwrite DPCD[0x00]=0xCC ACK
  [PASS] Test 13 Read DPCD[0x00] == 0xCC

--- Phase 3: Back-to-Back AUX Transactions ---
  [PASS] Test 14 3x back-to-back writes completed
  [PASS] Test 15 Read DPCD[0x20] == 0x11
  [PASS] Test 16 Read DPCD[0x21] == 0x22
  [PASS] Test 17 Read DPCD[0x22] == 0x33

--- Phase 4: Unknown Opcode NACK ---
  [PASS] Test 18  0xFF -> NACK (ack=0, code=0x5A)
  [PASS] Test 19 Opcode 0x03 -> NACK
  [PASS] Test 20 Opcode 0x80 -> NACK

--- Phase 5: DPCD Boundary Addresses ---
  [PASS] Test 21 DPCD[0x80] == 0xDE
  [PASS] Test 22 DPCD[0xC0] == 0xAD

--- Phase 6: DPCD Multi-byte Write Pattern ---
  [PASS] Test 23 8x sequential writes 0xA0..0xA7
  [PASS] Test 24 D[0x40..0x47] readback all match

--- Phase 7: Color Bar Video Streaming ---
  Generating 75% color bars (10 lines x 1920 pixels)...
  Bars: White | Yellow | Cyan | Green | Magenta | Red | Blue | Black
  [VIDEO] Start color bar feed at time=84525000
  [AUX] Write DPCD[0x60]=0xF1 during video
  [AUX] Read  DPCD[0x60] during video
  [AUX] Write DPCD[0x61]=0xF2 during video
  [AUX] Read  DPCD[0x61] during video
  [AUX] NACK opcode 0x05 during video
  [VIDEO] Done  color bar feed at time=391724000
  [PASS] Test 25 nes streamed with concurrent AUX
  [VIDEO] All done at time=391724000
  [PASS] Test 26 DPCD[0x60] == 0xF1 after video
  [PASS] Test 27 DPCD[0x61] == 0xF2 after video

--- Phase 8: PHY 8b/10b Output Monitor ---
  [PASS] Test 28  lane outputs toggle (not stuck)

--- Phase 9: AUX Response Code Validation ---
  [PASS] Test 29 Write ACK code == 0xA5
  [PASS] Test 30 d ACK code == 0xA5, data == 0x99

--- Phase 10: Repeated Write/Read Same Address ---
  [PASS] Test 31 [0x70] == 0x03 (last write wins)

--- Phase 11: Pixel FIFO Backpressure ---
  [PASS] Test 32 FIFO backpressure test completed

--- Phase 12: Simultaneous Read & Write ---
  [PASS] Test 33 ent read/write paths operational

============================================
  RESULTS: 34 PASSED, 0 FAILED
============================================

*** ALL TESTS PASSED ***

$finish called at time : 439185 ns : File "C:/Users/User/Downloads/DEEPSEEK_DPTXIP - Copy/tb/dp_tx_top_full_tb.v" Line 612
