#-----------------------------------------------------------
# Vivado v2025.2 (64-bit)
# SW Build 6299465 on Fri Nov 14 19:35:11 GMT 2025
# IP Build 6300035 on Fri Nov 14 10:48:45 MST 2025
# SharedData Build 6298862 on Thu Nov 13 04:50:51 MST 2025
# Start of session at: Wed Aug  5 03:05:56 2026
# Process ID         : 23004
# Current directory  : C:/Users/User/Downloads/DEEPSEEK_DPTXIP - Copy
# Command line       : vivado.exe -mode batch -source C:\Users\User\Downloads\DEEPSEEK_DPTXIP - Copy\vivado_sim.tcl
# Log file           : C:/Users/User/Downloads/DEEPSEEK_DPTXIP - Copy/vivado.log
# Journal file       : C:/Users/User/Downloads/DEEPSEEK_DPTXIP - Copy\vivado.jou
# Running On         : DESKTOP-T74PT7D
# Platform           : Windows Server 2016 or Windows 10
# Operating System   : 26100
# Processor Detail   : Intel(R) Core(TM) i5-10400 CPU @ 2.90GHz
# CPU Frequency      : 2904 MHz
# CPU Physical cores : 6
# CPU Logical cores  : 12
# Host memory        : 34153 MB
# Swap memory        : 34153 MB
# Total Virtual      : 68306 MB
# Available Virtual  : 53768 MB
#-----------------------------------------------------------
source {C:\Users\User\Downloads\DEEPSEEK_DPTXIP - Copy\vivado_sim.tcl}
# set proj_dir "C:/Users/User/Downloads/DEEPSEEK_DPTXIP - Copy/vivado_proj"
# set src_dir  "C:/Users/User/Downloads/DEEPSEEK_DPTXIP - Copy/src"
# set tb_dir   "C:/Users/User/Downloads/DEEPSEEK_DPTXIP - Copy/tb"
# create_project dp_tx_sim $proj_dir -part xc7k325tffg900-2 -force
ERROR: [Project 1-161] Failed to remove the directory 'C:/Users/User/Downloads/DEEPSEEK_DPTXIP - Copy/vivado_proj/dp_tx_sim.sim'. The directory might be in use by some other process.
INFO: [Common 17-206] Exiting Vivado at Wed Aug  5 03:06:04 2026...
