#-----------------------------------------------------------
# Vivado v2025.2 (64-bit)
# SW Build 6299465 on Fri Nov 14 19:35:11 GMT 2025
# IP Build 6300035 on Fri Nov 14 10:48:45 MST 2025
# SharedData Build 6298862 on Thu Nov 13 04:50:51 MST 2025
# Start of session at: Wed Aug  5 13:32:33 2026
# Process ID         : 18596
# Current directory  : C:/Users/User/Downloads/DEEPSEEK_DPTXIP - Copy/vivado_proj2
# Command line       : vivado.exe -gui_launcher_event rodinguilauncherevent11256 C:\Users\User\Downloads\DEEPSEEK_DPTXIP - Copy\vivado_proj2\dp_tx_sim.xpr
# Log file           : C:/Users/User/Downloads/DEEPSEEK_DPTXIP - Copy/vivado_proj2/vivado.log
# Journal file       : C:/Users/User/Downloads/DEEPSEEK_DPTXIP - Copy/vivado_proj2\vivado.jou
# Running On         : DESKTOP-T74PT7D
# Platform           : Windows Server 2016 or Windows 10
# Operating System   : 26100
# Processor Detail   : Intel(R) Core(TM) i5-10400 CPU @ 2.90GHz
# CPU Frequency      : 2904 MHz
# CPU Physical cores : 6
# CPU Logical cores  : 12
# Host memory        : 34153 MB
# Swap memory        : 34153 MB
# Total Virtual      : 68306 MB
# Available Virtual  : 58060 MB
#-----------------------------------------------------------
start_gui
open_project {C:/Users/User/Downloads/DEEPSEEK_DPTXIP - Copy/vivado_proj2/dp_tx_sim.xpr}
update_compile_order -fileset sources_1
update_compile_order -fileset sim_1
update_compile_order -fileset sources_1
launch_simulation
source dp_tx_top_full_tb.tcl
